// Jest Snapshot v1, https://goo.gl/fbAQLP

exports[`Checkbox renders correctly with default props 1`] = `
<div>
  <label
    class="flex cursor-pointer items-center space-x-2"
    for="undefined_:r7:"
  >
    <input
      class="h-4 w-4 border-border accent-primary checked:bg-primary focus:ring-2 focus:ring-primary"
      id="undefined_:r7:"
      type="checkbox"
    />
    <span
      class="select-none text-sm text-foreground"
    />
  </label>
</div>
`;
