// Jest Snapshot v1, https://goo.gl/fbAQLP

exports[`Select renders correctly with default props 1`] = `
<div>
  <div
    class="relative w-full min-w-[12.5rem] overflow-visible"
  >
    <label
      class="text-sm font-medium"
    >
      Select Option
    </label>
    <div
      aria-controls="select-dropdown"
      aria-disabled="false"
      aria-expanded="false"
      aria-haspopup="listbox"
      aria-invalid="false"
      aria-label="Select Option"
      class="rounded-default outline-none focus:border-primary"
      role="combobox"
      tabindex="0"
    >
      <div
        class="flex h-9 w-full cursor-pointer items-center justify-between rounded-lg border px-3 py-2 transition-all border-input focus:border-primary"
        data-testid="select-container"
      >
        <div
          class="flex items-center gap-2"
        >
          <span
            class="block truncate"
            data-testid="selected-option"
          >
            Option 2
          </span>
        </div>
        <svg
          aria-hidden="true"
          class="h-4 w-4 text-primary transition-transform duration-300"
          fill="currentColor"
          viewBox="0 0 256 256"
          xmlns="http://www.w3.org/2000/svg"
        >
          <rect
            fill="none"
            height="256"
            width="256"
          />
          <polyline
            fill="none"
            points="208 96 128 176 48 96"
            stroke="currentColor"
            stroke-linecap="round"
            stroke-linejoin="round"
            stroke-width="16"
          />
        </svg>
      </div>
    </div>
  </div>
</div>
`;
